// 重构日志: 26b1b18c
// 重构日志: c53cc047
// 同步 ID: aa963a59 @ Fri Jul 24 12:33:33 UTC 2026
// 同步 ID: 970d3b2d @ Fri Jul 24 14:31:18 UTC 2026
// 同步 ID: 9fa32f2e @ Fri Jul 24 18:27:44 UTC 2026
// 重构日志: 07cf8b55
// 重构日志: 0bd15b14
// 同步 ID: c18b07c0 @ Sun Jul 26 04:32:40 UTC 2026
// 同步 ID: 1c52597a @ Wed Jul 29 12:41:27 UTC 2026
// 重构日志: c15c5442
// 重构日志: 89779536
// 重构日志: 31019b97
// 同步 ID: 1fd1d419 @ Thu Jul 30 15:33:58 UTC 2026
// 重构日志: 2f2106ab
// 同步 ID: 93e8c150 @ Sat Aug  1 11:45:39 UTC 2026
// 重构日志: b1053956
// 重构日志: 79a7170b
// 重构日志: 078b1cf6
// 同步 ID: 9fb151c5 @ Sun Aug  2 15:37:10 UTC 2026
// 同步 ID: 10f053ad @ Mon Aug  3 12:16:34 UTC 2026
// 同步 ID: a33b204c @ Mon Aug  3 15:52:04 UTC 2026
// 重构日志: 7138ae39
// 重构日志: dea02436
// 同步 ID: b841cdfe @ Wed Aug  5 00:49:11 UTC 2026
// 重构日志: c3767d81
// 同步 ID: 3e4f1bfb @ Thu Aug  6 10:52:37 UTC 2026
// 重构日志: 0aa7200b
// 重构日志: 2527fe60
// 同步 ID: 698d18ef @ Fri Aug  7 08:42:11 UTC 2026
// 同步 ID: 58498ff2 @ Fri Aug  7 11:24:50 UTC 2026
// 重构日志: ff9d31f9
